// Jest Snapshot v1, https://goo.gl/fbAQLP

exports[`OfferCard should render correctly 1`] = `
<article
  className="undefined place-card"
  onMouseOver={[Function]}
>
  <div
    className="undefined place-card__image-wrapper"
  >
    <a
      href="/offer/7"
      onClick={[Function]}
    >
      <img
        alt="Place image"
        className="place-card__image"
        height="200"
        src="small-url"
        width="260"
      />
    </a>
  </div>
  <div
    className="place-card__info "
  >
    <div
      className="place-card__price-wrapper"
    >
      <div
        className="place-card__price"
      >
        <b
          className="place-card__price-value"
        >
          €
          256
        </b>
        <span
          className="place-card__price-text"
        >
          / night
        </span>
      </div>
      <a
        className="place-card__bookmark-button
         button"
        href="/login"
        onClick={[Function]}
        type="button"
      >
        <svg
          className="place-card__bookmark-icon"
          height="19"
          width="18"
        >
          <use
            xlinkHref="#icon-bookmark"
          />
        </svg>
        <span
          className="visually-hidden"
        >
          To
           bookmarks
        </span>
      </a>
    </div>
    <div
      className="place-card__rating rating"
    >
      <div
        className="place-card__stars rating__stars"
      >
        <span
          style={
            Object {
              "width": "96%",
            }
          }
        />
        <span
          className="visually-hidden"
        >
          Rating
        </span>
      </div>
    </div>
    <h2
      className="place-card__name"
    >
      <a
        href="/offer/7"
        onClick={[Function]}
      >
        title
      </a>
    </h2>
    <p
      className="place-card__type"
    >
      Type1
    </p>
  </div>
</article>
`;
