// Jest Snapshot v1, https://goo.gl/fbAQLP

exports[`OfferList should render correctly 1`] = `null`;
