// Jest Snapshot v1, https://goo.gl/fbAQLP

exports[`OffersSorting should render correctly OffersSortingItem should render correctly when the type is current 1`] = `
<form
  action="#"
  className="places__sorting"
  method="get"
>
  <span
    className="places__sorting-caption"
  >
    Sort by
  </span>
  <span
    className="places__sorting-type"
    id="places__sorting-type"
    onClick={[Function]}
    tabIndex="0"
  >
    <svg
      className="places__sorting-arrow"
      height="4"
      width="7"
    >
      <use
        xlinkHref="#icon-arrow-select"
      />
    </svg>
  </span>
  <ul
    className="places__options places__options--custom "
  >
    <li
      className="places__option "
      onClick={[Function]}
      tabIndex="0"
    >
      Popular
    </li>
    <li
      className="places__option "
      onClick={[Function]}
      tabIndex="0"
    >
      Price: low to high
    </li>
    <li
      className="places__option "
      onClick={[Function]}
      tabIndex="0"
    >
      Price: high to low
    </li>
    <li
      className="places__option "
      onClick={[Function]}
      tabIndex="0"
    >
      Top rated first
    </li>
  </ul>
  <select
    className="places__sorting-type visually-hidden"
    id="places-sorting"
    onChange={[Function]}
    value="type1"
  >
    <option
      className="places__option popular"
      value="popular"
    >
      Popular
    </option>
    <option
      className="places__option to-high"
      value="to-high"
    >
      Price: low to high
    </option>
    <option
      className="places__option to-low"
      value="to-low"
    >
      Price: high to low
    </option>
    <option
      className="places__option top-rated"
      value="top-rated"
    >
      Top rated first
    </option>
  </select>
</form>
`;
